<pre><code class="language-javascript">
  <span class="token keyword">const</span> foo <span class="token operator">=</span> <span class="token string">'foo'</span>
  console<span class="token punctuation">.</span><span class="token function">log</span><span class="token punctuation">(</span>foo<span class="token punctuation">)</span>
</code></pre>