<pre><code class="language-php">
    <span class="token variable">$app</span><span class="token operator">-></span><span class="token function">post</span><span class="token punctuation">(</span><span class="token string single-quoted-string">'framework/{id}'</span><span class="token punctuation">,</span> <span class="token keyword">function</span><span class="token punctuation">(</span><span class="token variable">$framework</span><span class="token punctuation">)</span> <span class="token punctuation">{</span>
        <span class="token variable">$this</span><span class="token operator">-></span><span class="token function">dispatch</span><span class="token punctuation">(</span><span class="token keyword">new</span> <span class="token class-name">Energy</span><span class="token punctuation">(</span><span class="token variable">$framework</span><span class="token punctuation">)</span><span class="token punctuation">)</span><span class="token punctuation">;</span>
    <span class="token punctuation">}</span><span class="token punctuation">)</span><span class="token punctuation">;</span>
</code></pre>
