The <code><span class="token tag"><span class="token tag"><span class="token punctuation">&lt;</span>div</span><span class="token punctuation">></span></span></code> is the generic container for flow content.