<pre><code class="language-definitelynotalanguagename">
  const foo = 'foo'
  console.log(foo)
</code></pre>